    Updating crates.io index
 Downloading crates ...
  Downloaded semver v1.0.27
  Downloaded ryu v1.0.20
  Downloaded itoa v1.0.15
  Downloaded autocfg v1.1.0
  Downloaded equivalent v1.0.1
  Downloaded cpufeatures v0.3.1
  Downloaded rustc-hash v1.1.0
  Downloaded cfg-if v1.0.0
  Downloaded quote v1.0.35
  Downloaded rand_core v0.10.1
  Downloaded num-integer v0.1.47
  Downloaded unicode-ident v1.0.12
  Downloaded chacha20 v0.10.2
  Downloaded serde_core v1.0.228
  Downloaded getrandom v0.4.3
  Downloaded r-efi v6.0.0
  Downloaded serde_derive v1.0.228
  Downloaded proc-macro2 v1.0.103
  Downloaded num-traits v0.2.19
  Downloaded serde v1.0.228
  Downloaded memchr v2.7.6
  Downloaded indexmap v2.13.0
  Downloaded num-bigint v0.5.1
  Downloaded rand v0.10.2
  Downloaded hashbrown v0.16.1
  Downloaded serde_json v1.0.145
  Downloaded syn v2.0.111
  Downloaded libc v0.2.180
