✔ [17/42] Built FormalConjecturesUtil.Answer.Syntax (1.4s)
✔ [21/42] Built FormalConjecturesForMathlib.Lean.Elab.InfoTree.Util (1.7s)
✔ [23/42] Built FormalConjecturesUtil.Linters.StubLinter (2.4s)
✔ [25/42] Built FormalConjecturesUtil.Linters.ImportLinter (2.3s)
✔ [27/44] Built FormalConjecturesUtil.Linters.LatexDocstringLinter (4.5s)
✔ [28/44] Built FormalConjecturesUtil.Linters.ModuleDocstringLinter (4.5s)
✔ [30/44] Built FormalConjecturesUtil.Linters.CopyrightLinter (2.6s)
✔ [32/46] Built FormalConjecturesUtil.Answer (2.7s)
✔ [97/135] Built FormalConjecturesUtil.Linters.NamespaceLinter (2.5s)
✔ [121/164] Built FormalConjecturesForMathlib.Tactic.Linter.Term (2.7s)
✔ [1004/1038] Built FormalConjecturesUtil.Linters.ExistsImplicationLinter (2.8s)
✔ [1990/2037] Built FormalConjecturesUtil.Attributes.AMS (5.6s)
✔ [5601/5634] Built FormalConjecturesUtil.Attributes.Basic (10s)
✔ [5628/5635] Built FormalConjecturesUtil.Linters.AnswerLinter (7.4s)
✔ [5629/5646] Built FormalConjecturesUtil.Linters.CategoryDocstringLinter (7.6s)
✔ [5704/5747] Built FormalConjecturesUtil.Linters.CategoryLinter (7.0s)
✔ [5818/5844] Built FormalConjecturesUtil.Linters.FormalProofLinter (8.3s)
✔ [8113/8134] Built FormalConjecturesUtil.Linters.AMSLinter (11s)
✔ [8723/8730] Built FormalConjecturesForMathlib.Algebra.Group.Action.Pointwise.Set.Basic (8.8s)
✔ [8724/8731] Built FormalConjecturesForMathlib.Algebra.GCDMonoid.Finset (9.8s)
✔ [8725/8732] Built FormalConjecturesForMathlib.Algebra.Group.Indicator (7.9s)
✔ [8726/8733] Built FormalConjecturesForMathlib.Order.Filter.atTopBot.Finset (10s)
✔ [8727/8734] Built FormalConjecturesForMathlib.Algebra.MvPolynomial.RegularFunction (8.4s)
✔ [8728/8734] Built FormalConjecturesForMathlib.Algebra.MvPolynomial.PoissonBracket (9.9s)
✔ [8729/8734] Built FormalConjecturesForMathlib.Algebra.Polynomial.Algebra (10s)
✔ [8730/8736] Built FormalConjecturesForMathlib.Algebra.Polynomial.Basic (7.5s)
✔ [8731/8737] Built FormalConjecturesForMathlib.Algebra.Order.Group.Pointwise.Interval (16s)
✔ [8732/8738] Built FormalConjecturesForMathlib.Algebra.Polynomial.HasseDeriv (7.1s)
✔ [8733/8739] Built FormalConjecturesForMathlib.Algebra.Powerfree (8.9s)
✔ [8734/8740] Built FormalConjecturesForMathlib.Algebra.Group.GrowthFunction (20s)
✔ [8735/8741] Built FormalConjecturesForMathlib.Algebra.QuadraticAlgebra.Instances (13s)
✔ [8736/8741] Built FormalConjecturesForMathlib.AlgebraicGeometry.ProjectiveSpace (16s)
✔ [8737/8744] Built FormalConjecturesForMathlib.AlgebraicGeometry.VectorBundle (14s)
✔ [8738/8745] Built FormalConjecturesForMathlib.Analysis.Asymptotics.Basic (10s)
✔ [8739/8746] Built FormalConjecturesForMathlib.Analysis.Equidistribution.ModOne (9.2s)
✔ [8740/8747] Built FormalConjecturesForMathlib.Topology.Algebra.InfiniteSum.Group (7.8s)
✔ [8741/8748] Built FormalConjecturesForMathlib.Topology.Algebra.InfiniteSum.Order (7.8s)
✔ [8742/8749] Built FormalConjecturesForMathlib.Analysis.Fourier.SpectralSets (13s)
✔ [8743/8749] Built FormalConjecturesForMathlib.Analysis.Matrix.Spectrum (10s)
✔ [8744/8750] Built FormalConjecturesForMathlib.Analysis.Real.Cardinality (7.2s)
✔ [8745/8750] Built FormalConjecturesForMathlib.Analysis.SpecialFunctions.AdditiveCharacter (8.4s)
✔ [8746/8753] Built FormalConjecturesForMathlib.Analysis.HasGaps (10s)
✔ [8747/8755] Built FormalConjecturesForMathlib.Analysis.SpecialFunctions.Log.Basic (12s)
✔ [8748/8755] Built FormalConjecturesForMathlib.Analysis.SpecialFunctions.NthRoot (8.9s)
✔ [8749/8756] Built FormalConjecturesForMathlib.Combinatorics.AP.Basic (7.7s)
✔ [8750/8756] Built FormalConjecturesForMathlib.Order.Filter.Cofinite (5.5s)
✔ [8751/8756] Built FormalConjecturesForMathlib.Combinatorics.Additive.Convolution (6.8s)
✔ [8752/8760] Built FormalConjecturesForMathlib.Combinatorics.Additive.DifferenceBasis (6.7s)
✔ [8753/8760] Built FormalConjecturesForMathlib.Combinatorics.Additive.RestrictedSumset (5.4s)
✔ [8754/8761] Built FormalConjecturesForMathlib.Combinatorics.SetFamily.VCDim (7.2s)
✔ [8755/8762] Built FormalConjecturesForMathlib.Combinatorics.Additive.Basis (10s)
✔ [8756/8762] Built FormalConjecturesForMathlib.Combinatorics.Digraph.Tournament (5.9s)
✔ [8757/8763] Built FormalConjecturesForMathlib.Combinatorics.Hypergraph.ThreeUniform (5.9s)
✔ [8758/8764] Built FormalConjecturesForMathlib.Combinatorics.Additive.Coset (25s)
✔ [8759/8766] Built FormalConjecturesForMathlib.Combinatorics.LatinSquare (5.5s)
✔ [8760/8768] Built FormalConjecturesForMathlib.Combinatorics.Additive.VCDim (8.5s)
✔ [8761/8768] Built FormalConjecturesForMathlib.Combinatorics.Basic (24s)
✔ [8762/8771] Built FormalConjecturesForMathlib.Combinatorics.Ramsey (5.6s)
✔ [8763/8771] Built FormalConjecturesForMathlib.Combinatorics.LimitObjects.Graphon (8.9s)
✔ [8764/8771] Built FormalConjecturesForMathlib.Combinatorics.SetFamily.PropertyB (5.6s)
✔ [8765/8771] Built FormalConjecturesForMathlib.Combinatorics.SetFamily.Sunflower (5.4s)
✔ [8766/8773] Built FormalConjecturesForMathlib.Data.Set.Triplewise (5.9s)
✔ [8767/8774] Built FormalConjecturesForMathlib.Combinatorics.SetTheory.PartitionRelation (5.5s)
✔ [8768/8775] Built FormalConjecturesForMathlib.Combinatorics.Ramsey.Diagonal (5.0s)
✔ [8769/8776] Built FormalConjecturesForMathlib.Combinatorics.SetFamily.UnionFree (5.1s)
✔ [8770/8777] Built FormalConjecturesForMathlib.Combinatorics.SimpleGraph.Balanced (5.1s)
✔ [8771/8779] Built FormalConjecturesForMathlib.Combinatorics.LimitObjects.Tournamenton (8.0s)
✔ [8772/8780] Built FormalConjecturesForMathlib.Combinatorics.SimpleGraph.Degrees (6.6s)
✔ [8773/8780] Built FormalConjecturesForMathlib.Combinatorics.SimpleGraph.Circumference (4.3s)
✔ [8774/8782] Built FormalConjecturesForMathlib.Combinatorics.SimpleGraph.Clique (4.4s)
✔ [8775/8782] Built FormalConjecturesForMathlib.Combinatorics.SimpleGraph.CompleteGraphEdgeCount (3.3s)
✔ [8776/8782] Built FormalConjecturesForMathlib.Combinatorics.SimpleGraph.Connectivity (3.7s)
✔ [8777/8783] Built FormalConjecturesForMathlib.Combinatorics.SimpleGraph.AnnihilationNumber (3.8s)
✔ [8778/8784] Built FormalConjecturesForMathlib.Combinatorics.SimpleGraph.Cycle (3.4s)
✔ [8779/8784] Built FormalConjecturesForMathlib.Combinatorics.SimpleGraph.Cvetkovic (3.8s)
✔ [8780/8787] Built FormalConjecturesForMathlib.Combinatorics.SimpleGraph.Coloring.Vertex (4.9s)
✔ [8781/8788] Built FormalConjecturesForMathlib.Combinatorics.SimpleGraph.CycleRank (3.2s)
✔ [8782/8789] Built FormalConjecturesForMathlib.Combinatorics.SimpleGraph.DiamExtra (3.1s)
✔ [8783/8790] Built FormalConjecturesForMathlib.Combinatorics.SimpleGraph.Domination (3.2s)
✔ [8784/8791] Built FormalConjecturesForMathlib.Combinatorics.SimpleGraph.EdgeColouring (2.8s)
✔ [8785/8792] Built FormalConjecturesForMathlib.Combinatorics.SimpleGraph.FractionalAlpha (3.3s)
✔ [8786/8792] Built FormalConjecturesForMathlib.Combinatorics.SimpleGraph.VertexDistance (4.6s)
✔ [8787/8792] Built FormalConjecturesForMathlib.Combinatorics.SimpleGraph.HomDensity (3.6s)
✔ [8788/8795] Built FormalConjecturesForMathlib.Combinatorics.SimpleGraph.Hypercube (2.7s)
✔ [8789/8796] Built FormalConjecturesForMathlib.Combinatorics.SimpleGraph.Independence (2.8s)
✔ [8790/8797] Built FormalConjecturesForMathlib.Combinatorics.SimpleGraph.Induced (2.9s)
✔ [8791/8798] Built FormalConjecturesForMathlib.Combinatorics.SimpleGraph.Eccentricity (3.3s)
✔ [8792/8799] Built FormalConjecturesForMathlib.Data.Finset.Card (2.6s)
✔ [8793/8799] Built FormalConjecturesForMathlib.Combinatorics.SimpleGraph.LargestInducedTree (2.8s)
✔ [8794/8800] Built FormalConjecturesForMathlib.Combinatorics.SimpleGraph.Matching (2.6s)
✔ [8795/8801] Built FormalConjecturesForMathlib.Combinatorics.SimpleGraph.PathCover (2.2s)
✔ [8796/8802] Built FormalConjecturesForMathlib.Combinatorics.SimpleGraph.LovaszTheta (3.9s)
✔ [8797/8803] Built FormalConjecturesForMathlib.Combinatorics.SimpleGraph.Johnson (2.7s)
✔ [8798/8804] Built FormalConjecturesForMathlib.Combinatorics.SimpleGraph.QuasiLineGraph (2.4s)
✔ [8799/8805] Built FormalConjecturesForMathlib.Combinatorics.SimpleGraph.Ramsey (2.5s)
✔ [8800/8806] Built FormalConjecturesForMathlib.Combinatorics.SimpleGraph.Residue (2.5s)
✔ [8801/8806] Built FormalConjecturesForMathlib.Combinatorics.SimpleGraph.SizeRamsey (2.3s)
✔ [8802/8809] Built FormalConjecturesForMathlib.Combinatorics.SimpleGraph.SubgraphIsomorphism (2.6s)
✔ [8803/8810] Built FormalConjecturesForMathlib.Combinatorics.SimpleGraph.SpanningTree (3.1s)
✔ [8804/8811] Built FormalConjecturesForMathlib.Combinatorics.SimpleGraph.Temperature (2.3s)
✔ [8805/8812] Built FormalConjecturesForMathlib.Combinatorics.SimpleGraph.SzegedIndex (3.5s)
✔ [8806/8813] Built FormalConjecturesForMathlib.Combinatorics.SimpleGraph.WellTotallyDominated (1.9s)
✔ [8807/8814] Built FormalConjecturesForMathlib.Geometry.Euclidean (3.1s)
✔ [8808/8814] Built FormalConjecturesForMathlib.Combinatorics.YoungDiagram (2.3s)
✔ [8809/8817] Built FormalConjecturesForMathlib.Combinatorics.SimpleGraph.WienerIndex (3.3s)
✔ [8810/8819] Built FormalConjecturesForMathlib.Computability.BitstringEncoding (3.0s)
✔ [8811/8819] Built FormalConjecturesForMathlib.Computability.DFA (2.3s)
✔ [8812/8820] Built FormalConjecturesForMathlib.Combinatorics.SimpleGraph.UnitDistancePlaneGraph (3.5s)
✔ [8813/8821] Built FormalConjecturesForMathlib.Computability.TuringMachine.PostTuringMachine (2.6s)
✔ [8814/8822] Built FormalConjecturesForMathlib.Data.Bool.Basic (1.8s)
✔ [8815/8823] Built FormalConjecturesForMathlib.Computability.Complexity (3.3s)
✔ [8816/8823] Built FormalConjecturesForMathlib.Data.Int.IntermediateValue (2.3s)
✔ [8817/8824] Built FormalConjecturesForMathlib.Data.Finset.Powerset (3.4s)
✔ [8818/8825] Built FormalConjecturesForMathlib.Data.Finset.ReciprocalSum (3.3s)
✔ [8819/8826] Built FormalConjecturesForMathlib.Data.Int.Order.Basic (1.7s)
✔ [8820/8827] Built FormalConjecturesForMathlib.Data.Nat.Init (2.6s)
✔ [8821/8828] Built FormalConjecturesForMathlib.Computability.TuringMachine.BusyBeavers (4.7s)
✔ [8822/8829] Built FormalConjecturesForMathlib.Data.Nat.Factorization.Basic (4.6s)
✔ [8823/8829] Built FormalConjecturesForMathlib.Data.Nat.Full (4.4s)
✔ [8824/8830] Built FormalConjecturesForMathlib.Data.Nat.Prime.Composite (3.4s)
✔ [8825/8831] Built FormalConjecturesForMathlib.Data.Nat.MaxPrimeFac (4.8s)
✔ [8826/8832] Built FormalConjecturesForMathlib.Computability.TuringMachine.Notation (4.6s)
✔ [8827/8833] Built FormalConjecturesForMathlib.Data.Nat.Prime.Defs (2.6s)
✔ [8828/8834] Built FormalConjecturesForMathlib.Data.Nat.Prime.Finset (2.7s)
✔ [8829/8834] Built FormalConjecturesForMathlib.Data.Nat.Prime.Infinite (2.6s)
✔ [8830/8836] Built FormalConjecturesForMathlib.Data.Real.NearestInt (3.3s)
✔ [8831/8838] Built FormalConjecturesForMathlib.Data.Real.Constants (4.8s)
✔ [8832/8839] Built FormalConjecturesForMathlib.Data.Nat.Squarefree (5.5s)
✔ [8833/8840] Built FormalConjecturesForMathlib.Data.Nat.PerfectPower (12s)
✔ [8834/8841] Built FormalConjecturesForMathlib.Data.Set.Interval (2.7s)
✔ [8835/8842] Built FormalConjecturesForMathlib.Order.Interval.Finset.Basic (3.4s)
✔ [8836/8843] Built FormalConjecturesForMathlib.Order.Interval.Finset.Nat (3.3s)
✔ [8837/8843] Built FormalConjecturesForMathlib.Data.Sym.Sym2 (3.3s)
✔ [8838/8843] Built FormalConjecturesForMathlib.Data.ZMod.Fp (3.3s)
✔ [8839/8846] Built FormalConjecturesForMathlib.Data.ZMod.PerfectDifferenceSet (2.9s)
✔ [8840/8847] Built FormalConjecturesForMathlib.FieldTheory.MvRatFunc.Defs (3.3s)
✔ [8841/8848] Built FormalConjecturesForMathlib.Geometry.Metric (4.1s)
✔ [8842/8849] Built FormalConjecturesForMathlib.Data.Set.Density (5.9s)
✔ [8843/8850] Built FormalConjecturesForMathlib.Logic.Equiv.Fin.Rotate (3.5s)
✔ [8844/8851] Built FormalConjecturesForMathlib.Geometry.«3d» (4.7s)
✔ [8845/8852] Built FormalConjecturesForMathlib.LinearAlgebra.AffineSpace.Simplex.Basic (3.2s)
✔ [8846/8852] Built FormalConjecturesForMathlib.LinearAlgebra.GeneralLinearGroup (3.6s)
✔ [8847/8853] Built FormalConjecturesForMathlib.NumberTheory.AdditionChain (2.4s)
✔ [8848/8854] Built FormalConjecturesForMathlib.NumberTheory.AdditiveComplement (2.3s)
✔ [8849/8855] Built FormalConjecturesForMathlib.NumberTheory.AdditivelyComplete (2.8s)
✔ [8850/8856] Built FormalConjecturesForMathlib.Geometry.«2d» (6.7s)
✔ [8851/8857] Built FormalConjecturesForMathlib.LinearAlgebra.SpecialLinearGroup (3.6s)
✔ [8852/8858] Built FormalConjecturesForMathlib.NumberTheory.AlmostPrime (3.0s)
✔ [8853/8859] Built FormalConjecturesForMathlib.NumberTheory.Amicable (2.4s)
✔ [8854/8860] Built FormalConjecturesForMathlib.NumberTheory.BeurlingPrimes (2.2s)
✔ [8855/8861] Built FormalConjecturesForMathlib.NumberTheory.CoveringSystem (2.2s)
✔ [8856/8862] Built FormalConjecturesForMathlib.NumberTheory.DiophantineApproximation.ZNumber (2.4s)
✔ [8857/8863] Built FormalConjecturesForMathlib.NumberTheory.DirichletCharacter.Basic (2.5s)
✔ [8858/8864] Built FormalConjecturesForMathlib.NumberTheory.Divisors (2.7s)
✔ [8859/8865] Built FormalConjecturesForMathlib.NumberTheory.Harmonic (2.9s)
✔ [8860/8866] Built FormalConjecturesForMathlib.NumberTheory.Lacunary (3.3s)
✔ [8861/8867] Built FormalConjecturesForMathlib.NumberTheory.LegendreSymbol.Basic (2.8s)
✔ [8862/8868] Built FormalConjecturesForMathlib.NumberTheory.NormalNumber (2.4s)
✔ [8863/8869] Built FormalConjecturesForMathlib.NumberTheory.NumberField.FundamentalDiscriminant (2.4s)
✔ [8864/8870] Built FormalConjecturesForMathlib.NumberTheory.NumberField.Quadratic (3.2s)
✔ [8865/8871] Built FormalConjecturesForMathlib.NumberTheory.PracticalNumbers (2.2s)
✔ [8866/8872] Built FormalConjecturesForMathlib.NumberTheory.PisotNumber (3.7s)
✔ [8867/8873] Built FormalConjecturesForMathlib.NumberTheory.PrimeGap (1.8s)
✔ [8868/8874] Built FormalConjecturesForMathlib.NumberTheory.Primitive (2.2s)
✔ [8869/8875] Built FormalConjecturesForMathlib.NumberTheory.SierpinskiNumber (1.9s)
✔ [8870/8876] Built FormalConjecturesForMathlib.NumberTheory.Carmichael (14s)
✔ [8871/8877] Built FormalConjecturesForMathlib.Order.Bounds.Basic (1.4s)
✔ [8872/8877] Built FormalConjecturesForMathlib.NumberTheory.SmoothScale (2.5s)
✔ [8873/8880] Built FormalConjecturesForMathlib.Order.Nat (1.6s)
✔ [8874/8883] Built FormalConjecturesForMathlib.NumberTheory.WallSunSunPrimes (3.0s)
✔ [8875/8884] Built FormalConjecturesForMathlib.Order.Unimodular (1.7s)
✔ [8876/8885] Built FormalConjecturesForMathlib.Probability.FiniteMethod (1.7s)
✔ [8877/8886] Built FormalConjecturesForMathlib.RingTheory.Ideal.Defs (1.5s)
✔ [8878/8887] Built FormalConjecturesForMathlib.SetTheory.Cardinal.Arithmetic (2.1s)
✔ [8879/8887] Built FormalConjecturesForMathlib.SetTheory.Cardinal.Continuum (2.1s)
✔ [8880/8888] Built FormalConjecturesForMathlib.SetTheory.Cardinal.SimpleGraph (2.2s)
✔ [8881/8888] Built FormalConjecturesForMathlib.Topology.AbsoluteNeighborhoodRetract (2.2s)
✔ [8882/8889] Built FormalConjecturesForMathlib.RingTheory.Noetherian.Defs (1.9s)
✔ [8883/8890] Built FormalConjecturesForMathlib.RingTheory.Ideal.Basic (1.7s)
✔ [8884/8890] Built FormalConjecturesForMathlib.Topology.Discrete (1.6s)
✔ [8885/8899] Built FormalConjecturesForMathlib.Topology.Algebra.InfiniteSum.Real (2.0s)
✔ [8887/8902] Built FormalConjecturesForMathlib.Topology.Homogeneous (1.9s)
✔ [8889/8902] Built FormalConjecturesForMathlib.Topology.GDelta (2.1s)
✔ [8890/8902] Built FormalConjecturesForMathlib.RingTheory.Ideal.Maximal (2.1s)
✔ [8891/8902] Built FormalConjecturesForMathlib.Topology.LebesgueCoveringDimension (1.8s)
✔ [8892/8902] Built FormalConjecturesForMathlib.Topology.MetricSpace.MetricSeparated (2.2s)
✔ [8893/8902] Built FormalConjecturesUtil.DeclName (2.2s)
✔ [8894/8902] Built FormalConjecturesUtil.Linters.CategoryDocstringLinterTest (2.6s)
✔ [8895/8902] Built FormalConjecturesUtil.Linters.AnswerLinterTest (2.5s)
✔ [8896/8902] Built FormalConjecturesUtil.Linters.LatexDocstringLinterTest (1.5s)
✔ [8897/8902] Built FormalConjecturesUtil.Metadata (1.5s)
✔ [8898/8902] Built TaskSupport (4.2s)
✔ [8900/8902] Built FormalConjecturesForMathlib (5.2s)
✔ [8901/8902] Built FormalConjecturesUtil (4.9s)
Build completed successfully (8902 jobs).
